// Jest Snapshot v1, https://goo.gl/fbAQLP

exports[`Get contentful page preview should create content model by id 1`] = `
Object {
  "footerSection": Object {
    "backgroundColor": Object {
      "disabled": false,
      "id": "backgroundColor",
      "localized": false,
      "name": "Sectie achtergrondkleur",
      "omitted": false,
      "required": true,
      "type": "Symbol",
    },
    "modelVersion": Object {
      "disabled": true,
      "id": "modelVersion",
      "localized": false,
      "name": "1.0.0",
      "omitted": false,
      "required": false,
      "type": "Symbol",
    },
    "navigation": Object {
      "disabled": false,
      "id": "navigation",
      "linkType": "Entry",
      "localized": false,
      "name": "Sectienavigatie",
      "omitted": false,
      "required": true,
      "type": "Link",
    },
    "title": Object {
      "disabled": false,
      "id": "title",
      "localized": false,
      "name": "Titel binnen Contentful",
      "omitted": false,
      "required": true,
      "type": "Symbol",
    },
  },
  "globals": Object {
    "addressLine1": Object {
      "disabled": false,
      "id": "addressLine1",
      "localized": false,
      "name": "Adres eerste regel",
      "omitted": false,
      "required": false,
      "type": "Symbol",
    },
    "addressLine2": Object {
      "disabled": false,
      "id": "addressLine2",
      "localized": false,
      "name": "Adres tweede regel",
      "omitted": false,
      "required": false,
      "type": "Symbol",
    },
    "emailAddress": Object {
      "disabled": false,
      "id": "emailAddress",
      "localized": false,
      "name": "E=mailadres",
      "omitted": false,
      "required": false,
      "type": "Symbol",
    },
    "linkedinUrl": Object {
      "disabled": false,
      "id": "linkedinUrl",
      "localized": false,
      "name": "Url naar linkedin profiel",
      "omitted": false,
      "required": false,
      "type": "Symbol",
    },
    "modelVersion": Object {
      "disabled": true,
      "id": "modelVersion",
      "localized": false,
      "name": "1.0.0",
      "omitted": false,
      "required": false,
      "type": "Symbol",
    },
    "phoneNumber": Object {
      "disabled": false,
      "id": "phoneNumber",
      "localized": false,
      "name": "Telefoonnummer",
      "omitted": false,
      "required": false,
      "type": "Symbol",
    },
    "siteAuthor": Object {
      "disabled": false,
      "id": "siteAuthor",
      "localized": false,
      "name": "Site auteur",
      "omitted": false,
      "required": false,
      "type": "Symbol",
    },
    "siteDescription": Object {
      "disabled": false,
      "id": "siteDescription",
      "localized": false,
      "name": "Site omschrijving",
      "omitted": false,
      "required": false,
      "type": "Symbol",
    },
    "siteHeading": Object {
      "disabled": false,
      "id": "siteHeading",
      "localized": false,
      "name": "Site titel",
      "omitted": false,
      "required": false,
      "type": "Symbol",
    },
    "siteKeywords": Object {
      "disabled": false,
      "id": "siteKeywords",
      "items": Object {
        "type": "Symbol",
        "validations": Array [],
      },
      "localized": false,
      "name": "Site sleutelwoorden",
      "omitted": false,
      "required": false,
      "type": "Array",
    },
    "title": Object {
      "disabled": false,
      "id": "title",
      "localized": false,
      "name": "Titel binnen Contentful",
      "omitted": false,
      "required": true,
      "type": "Symbol",
    },
  },
  "listItem": Object {
    "abstract": Object {
      "disabled": false,
      "id": "abstract",
      "localized": false,
      "name": "Tegeltekst",
      "omitted": false,
      "required": false,
      "type": "Text",
    },
    "extraText": Object {
      "disabled": false,
      "id": "extraText",
      "localized": false,
      "name": "Tegeltekst bij interactie",
      "omitted": false,
      "required": false,
      "type": "Symbol",
    },
    "heading": Object {
      "disabled": false,
      "id": "heading",
      "localized": false,
      "name": "Tegeltitel",
      "omitted": false,
      "required": false,
      "type": "Symbol",
    },
    "image": Object {
      "disabled": false,
      "id": "image",
      "linkType": "Asset",
      "localized": false,
      "name": "Tegelafbeelding",
      "omitted": false,
      "required": false,
      "type": "Link",
    },
    "link": Object {
      "disabled": false,
      "id": "link",
      "linkType": "Entry",
      "localized": false,
      "name": "Tegel-link",
      "omitted": false,
      "required": false,
      "type": "Link",
    },
    "modelVersion": Object {
      "disabled": true,
      "id": "modelVersion",
      "localized": false,
      "name": "1.0.0",
      "omitted": false,
      "required": false,
      "type": "Symbol",
    },
    "title": Object {
      "disabled": false,
      "id": "title",
      "localized": false,
      "name": "Titel binnen Contentful",
      "omitted": false,
      "required": true,
      "type": "Symbol",
    },
    "view": Object {
      "disabled": false,
      "id": "view",
      "localized": false,
      "name": "Tegelweergave",
      "omitted": false,
      "required": false,
      "type": "Symbol",
    },
  },
  "listSection": Object {
    "heading": Object {
      "disabled": false,
      "id": "heading",
      "localized": false,
      "name": "Sectietitel",
      "omitted": false,
      "required": false,
      "type": "Symbol",
    },
    "items": Object {
      "disabled": false,
      "id": "items",
      "items": Object {
        "linkType": "Entry",
        "type": "Link",
        "validations": Array [
          Object {
            "linkContentType": Array [
              "listItem",
            ],
          },
        ],
      },
      "localized": false,
      "name": "Sectietegels",
      "omitted": false,
      "required": true,
      "type": "Array",
    },
    "modelVersion": Object {
      "disabled": true,
      "id": "modelVersion",
      "localized": false,
      "name": "1.0.0",
      "omitted": false,
      "required": false,
      "type": "Symbol",
    },
    "title": Object {
      "disabled": false,
      "id": "title",
      "localized": false,
      "name": "Titel binnen Contentful",
      "omitted": false,
      "required": true,
      "type": "Symbol",
    },
    "variation": Object {
      "disabled": false,
      "id": "variation",
      "localized": false,
      "name": "Sectieweergave",
      "omitted": false,
      "required": true,
      "type": "Symbol",
    },
  },
  "navigation": Object {
    "modelVersion": Object {
      "disabled": true,
      "id": "modelVersion",
      "localized": false,
      "name": "1.0.0",
      "omitted": false,
      "required": false,
      "type": "Symbol",
    },
    "pages": Object {
      "disabled": false,
      "id": "pages",
      "items": Object {
        "linkType": "Entry",
        "type": "Link",
        "validations": Array [
          Object {
            "linkContentType": Array [
              "page",
            ],
          },
        ],
      },
      "localized": false,
      "name": "Pagina's",
      "omitted": false,
      "required": true,
      "type": "Array",
    },
    "title": Object {
      "disabled": false,
      "id": "title",
      "localized": false,
      "name": "Titel binnen Contentful",
      "omitted": false,
      "required": true,
      "type": "Symbol",
    },
  },
  "openerSection": Object {
    "abstract": Object {
      "disabled": false,
      "id": "abstract",
      "localized": false,
      "name": "Tekstboxtekst",
      "omitted": false,
      "required": false,
      "type": "Text",
    },
    "boxBackgroundColor": Object {
      "disabled": false,
      "id": "boxBackgroundColor",
      "localized": false,
      "name": "Tekstboxachtergrondkleur",
      "omitted": false,
      "required": true,
      "type": "Symbol",
    },
    "heading": Object {
      "disabled": false,
      "id": "heading",
      "localized": false,
      "name": "Sectietitel",
      "omitted": false,
      "required": false,
      "type": "Symbol",
    },
    "image": Object {
      "disabled": false,
      "id": "image",
      "linkType": "Asset",
      "localized": false,
      "name": "Sectieafbeelding",
      "omitted": false,
      "required": false,
      "type": "Link",
    },
    "modelVersion": Object {
      "disabled": true,
      "id": "modelVersion",
      "localized": false,
      "name": "1.0.0",
      "omitted": false,
      "required": false,
      "type": "Symbol",
    },
    "navigation": Object {
      "disabled": false,
      "id": "navigation",
      "linkType": "Entry",
      "localized": false,
      "name": "Sectienavigatie",
      "omitted": false,
      "required": true,
      "type": "Link",
    },
    "title": Object {
      "disabled": false,
      "id": "title",
      "localized": false,
      "name": "Titel binnen Contentful",
      "omitted": false,
      "required": true,
      "type": "Symbol",
    },
    "variation": Object {
      "disabled": false,
      "id": "variation",
      "localized": false,
      "name": "Sectieweergave",
      "omitted": false,
      "required": true,
      "type": "Symbol",
    },
  },
  "page": Object {
    "abstract": Object {
      "disabled": false,
      "id": "abstract",
      "localized": false,
      "name": "Paginasamenvatting",
      "omitted": false,
      "required": false,
      "type": "Text",
    },
    "heading": Object {
      "disabled": false,
      "id": "heading",
      "localized": true,
      "name": "Paginatitel",
      "omitted": false,
      "required": true,
      "type": "Symbol",
    },
    "image": Object {
      "disabled": false,
      "id": "image",
      "linkType": "Asset",
      "localized": false,
      "name": "Pagina-afbeelding",
      "omitted": false,
      "required": false,
      "type": "Link",
    },
    "modelVersion": Object {
      "disabled": true,
      "id": "modelVersion",
      "localized": false,
      "name": "1.0.0",
      "omitted": false,
      "required": false,
      "type": "Symbol",
    },
    "navigationHeading": Object {
      "disabled": false,
      "id": "navigationHeading",
      "localized": false,
      "name": "Navigatietitel",
      "omitted": false,
      "required": false,
      "type": "Symbol",
    },
    "path": Object {
      "disabled": false,
      "id": "path",
      "localized": false,
      "name": "Pagina URL",
      "omitted": false,
      "required": true,
      "type": "Symbol",
    },
    "sections": Object {
      "disabled": false,
      "id": "sections",
      "items": Object {
        "linkType": "Entry",
        "type": "Link",
        "validations": Array [
          Object {
            "linkContentType": Array [
              "footerSection",
              "listSection",
              "openerSection",
              "quoteSection",
              "textSection",
            ],
          },
        ],
      },
      "localized": false,
      "name": "Paginasecties",
      "omitted": false,
      "required": true,
      "type": "Array",
    },
    "seoDescription": Object {
      "disabled": false,
      "id": "seoDescription",
      "localized": false,
      "name": "SEO omschrijving",
      "omitted": false,
      "required": false,
      "type": "Symbol",
    },
    "seoTitle": Object {
      "disabled": false,
      "id": "seoTitle",
      "localized": false,
      "name": "SEO titel",
      "omitted": false,
      "required": false,
      "type": "Symbol",
    },
    "title": Object {
      "disabled": false,
      "id": "title",
      "localized": false,
      "name": "Titel binnen Contentful",
      "omitted": false,
      "required": true,
      "type": "Symbol",
    },
  },
  "quoteSection": Object {
    "abstract": Object {
      "disabled": false,
      "id": "abstract",
      "localized": false,
      "name": "Uitspraak",
      "omitted": false,
      "required": true,
      "type": "Text",
    },
    "heading": Object {
      "disabled": false,
      "id": "heading",
      "localized": false,
      "name": "Naam persoon",
      "omitted": false,
      "required": true,
      "type": "Symbol",
    },
    "image": Object {
      "disabled": false,
      "id": "image",
      "linkType": "Asset",
      "localized": false,
      "name": "Foto persoon",
      "omitted": false,
      "required": false,
      "type": "Link",
    },
    "modelVersion": Object {
      "disabled": true,
      "id": "modelVersion",
      "localized": false,
      "name": "1.0.0",
      "omitted": false,
      "required": false,
      "type": "Symbol",
    },
    "subHeading": Object {
      "disabled": false,
      "id": "subHeading",
      "localized": false,
      "name": "Functie persoon",
      "omitted": false,
      "required": true,
      "type": "Symbol",
    },
    "title": Object {
      "disabled": false,
      "id": "title",
      "localized": false,
      "name": "Titel binnen Contentful",
      "omitted": false,
      "required": true,
      "type": "Symbol",
    },
  },
  "textSection": Object {
    "modelVersion": Object {
      "disabled": true,
      "id": "modelVersion",
      "localized": false,
      "name": "1.0.0",
      "omitted": false,
      "required": false,
      "type": "Symbol",
    },
    "text": Object {
      "disabled": false,
      "id": "text",
      "localized": false,
      "name": "Tekst",
      "omitted": false,
      "required": true,
      "type": "RichText",
    },
    "title": Object {
      "disabled": false,
      "id": "title",
      "localized": false,
      "name": "Titel binnen Contentful",
      "omitted": false,
      "required": true,
      "type": "Symbol",
    },
  },
}
`;

exports[`Get contentful page preview should get gatsby fields 1`] = `
Object {
  "__typename": "ContentfulPage",
  "abstract": Object {
    "abstract": "Een merk is een teken om goederen of diensten te onderscheiden. Een merknaam kan daartoe dienen, maar het begrip 'merk' is breder en omvat ook de verschijningsvorm van de naam, het logo en kan ook iets anders zijn dan een naam, bijvoorbeeld een kleur of een beeldmerk.",
  },
  "heading": "Deze merknaam is heel goed...",
  "image": Object {
    "description": "Demo asset with fixed id",
    "fluid": Object {
      "sizes": "(max-width: 1024px) 100vw, 1024px",
      "src": "//images.ctfassets.net/jeb9ft1t2asv/demoAsset/95162fee3f8da29ed8c15182e62f2c98/wheelroom?w=1024&q=50",
      "srcSet": "//images.ctfassets.net/jeb9ft1t2asv/demoAsset/95162fee3f8da29ed8c15182e62f2c98/wheelroom?w=256&h=256&q=50 256w,
//images.ctfassets.net/jeb9ft1t2asv/demoAsset/95162fee3f8da29ed8c15182e62f2c98/wheelroom?w=512&h=512&q=50 512w,
//images.ctfassets.net/jeb9ft1t2asv/demoAsset/95162fee3f8da29ed8c15182e62f2c98/wheelroom?w=1024&h=1023&q=50 1024w,
//images.ctfassets.net/jeb9ft1t2asv/demoAsset/95162fee3f8da29ed8c15182e62f2c98/wheelroom?w=1026&h=1025&q=50 1026w",
    },
    "title": "wheelroom",
  },
  "navigationHeading": "home",
  "path": "/",
  "sections": Array [
    Object {
      "__typename": "ContentfulOpenerSection",
      "boxBackgroundColor": "green",
      "navigation": Object {
        "__typename": "ContentfulNavigation",
        "pages": Array [
          Object {
            "__typename": "ContentfulPage",
            "abstract": Object {
              "abstract": "Een product kan worden vergezeld van productinformatie. Voor veel productcategorieën is het beschrijven van het product wettelijk vastgelegd. Zo moeten voedselproducten voorzien zijn van een etiket met de ingrediënten, de inhoud en de houdbaarheidsdatum.",
            },
            "heading": "Een product in economische zin is een tastbare zaak met een bepaalde waarde.",
            "image": Object {
              "description": "Demo asset with fixed id",
              "fluid": Object {
                "sizes": "(max-width: 1024px) 100vw, 1024px",
                "src": "//images.ctfassets.net/jeb9ft1t2asv/demoAsset/95162fee3f8da29ed8c15182e62f2c98/wheelroom?w=1024&q=50",
                "srcSet": "//images.ctfassets.net/jeb9ft1t2asv/demoAsset/95162fee3f8da29ed8c15182e62f2c98/wheelroom?w=256&h=256&q=50 256w,
//images.ctfassets.net/jeb9ft1t2asv/demoAsset/95162fee3f8da29ed8c15182e62f2c98/wheelroom?w=512&h=512&q=50 512w,
//images.ctfassets.net/jeb9ft1t2asv/demoAsset/95162fee3f8da29ed8c15182e62f2c98/wheelroom?w=1024&h=1023&q=50 1024w,
//images.ctfassets.net/jeb9ft1t2asv/demoAsset/95162fee3f8da29ed8c15182e62f2c98/wheelroom?w=1026&h=1025&q=50 1026w",
              },
              "title": "wheelroom",
            },
            "navigationHeading": "product",
            "path": "/producten",
            "sections": Array [
              Object {
                "__typename": "ContentfulFooterSection",
                "backgroundColor": "mint",
                "navigation": Object {
                  "__typename": "ContentfulNavigation",
                  "pages": Array [],
                  "title": "Footer navigatie",
                },
                "title": "Standaard footer",
              },
            ],
            "title": "Producten",
          },
          Object {
            "__typename": "ContentfulPage",
            "abstract": Object {
              "abstract": "In de journalistiek wordt de term achtergrond gebruikt voor de feitelijke en betekenisgevende context waarin het dagelijkse nieuws zich afspeelt.",
            },
            "heading": "Op dit moment is er maar één gemeente in Nederland zonder achtergrond.",
            "image": Object {
              "description": "Demo asset with fixed id",
              "fluid": Object {
                "sizes": "(max-width: 1024px) 100vw, 1024px",
                "src": "//images.ctfassets.net/jeb9ft1t2asv/demoAsset/95162fee3f8da29ed8c15182e62f2c98/wheelroom?w=1024&q=50",
                "srcSet": "//images.ctfassets.net/jeb9ft1t2asv/demoAsset/95162fee3f8da29ed8c15182e62f2c98/wheelroom?w=256&h=256&q=50 256w,
//images.ctfassets.net/jeb9ft1t2asv/demoAsset/95162fee3f8da29ed8c15182e62f2c98/wheelroom?w=512&h=512&q=50 512w,
//images.ctfassets.net/jeb9ft1t2asv/demoAsset/95162fee3f8da29ed8c15182e62f2c98/wheelroom?w=1024&h=1023&q=50 1024w,
//images.ctfassets.net/jeb9ft1t2asv/demoAsset/95162fee3f8da29ed8c15182e62f2c98/wheelroom?w=1026&h=1025&q=50 1026w",
              },
              "title": "wheelroom",
            },
            "navigationHeading": "achtergrond",
            "path": "/achtergrond",
            "sections": Array [
              Object {
                "__typename": "ContentfulFooterSection",
                "backgroundColor": "mint",
                "navigation": Object {
                  "__typename": "ContentfulNavigation",
                  "pages": Array [],
                  "title": "Footer navigatie",
                },
                "title": "Standaard footer",
              },
            ],
            "title": "Achtergrond",
          },
          Object {
            "__typename": "ContentfulPage",
            "abstract": Object {
              "abstract": "Communicatie is een activiteit waarbij levende wezens betekenissen uitwisselen door op elkaars signalen te reageren. ",
            },
            "heading": "Contact",
            "image": Object {
              "description": "Demo asset with fixed id",
              "fluid": Object {
                "sizes": "(max-width: 1024px) 100vw, 1024px",
                "src": "//images.ctfassets.net/jeb9ft1t2asv/demoAsset/95162fee3f8da29ed8c15182e62f2c98/wheelroom?w=1024&q=50",
                "srcSet": "//images.ctfassets.net/jeb9ft1t2asv/demoAsset/95162fee3f8da29ed8c15182e62f2c98/wheelroom?w=256&h=256&q=50 256w,
//images.ctfassets.net/jeb9ft1t2asv/demoAsset/95162fee3f8da29ed8c15182e62f2c98/wheelroom?w=512&h=512&q=50 512w,
//images.ctfassets.net/jeb9ft1t2asv/demoAsset/95162fee3f8da29ed8c15182e62f2c98/wheelroom?w=1024&h=1023&q=50 1024w,
//images.ctfassets.net/jeb9ft1t2asv/demoAsset/95162fee3f8da29ed8c15182e62f2c98/wheelroom?w=1026&h=1025&q=50 1026w",
              },
              "title": "wheelroom",
            },
            "navigationHeading": "contact",
            "path": "/contact",
            "sections": Array [
              Object {
                "__typename": "ContentfulQuoteSection",
                "abstract": Object {
                  "abstract": "Marketing gaat eigenlijk gewoon over het delen van je passie.",
                },
                "heading": "Michael Hyatt",
                "image": Object {
                  "description": "Demo asset with fixed id",
                  "fluid": Object {
                    "sizes": "(max-width: 1024px) 100vw, 1024px",
                    "src": "//images.ctfassets.net/jeb9ft1t2asv/demoAsset/95162fee3f8da29ed8c15182e62f2c98/wheelroom?w=1024&q=50",
                    "srcSet": "//images.ctfassets.net/jeb9ft1t2asv/demoAsset/95162fee3f8da29ed8c15182e62f2c98/wheelroom?w=256&h=256&q=50 256w,
//images.ctfassets.net/jeb9ft1t2asv/demoAsset/95162fee3f8da29ed8c15182e62f2c98/wheelroom?w=512&h=512&q=50 512w,
//images.ctfassets.net/jeb9ft1t2asv/demoAsset/95162fee3f8da29ed8c15182e62f2c98/wheelroom?w=1024&h=1023&q=50 1024w,
//images.ctfassets.net/jeb9ft1t2asv/demoAsset/95162fee3f8da29ed8c15182e62f2c98/wheelroom?w=1026&h=1025&q=50 1026w",
                  },
                  "title": "wheelroom",
                },
                "subHeading": "Virtual business mentor",
                "title": "Quote Michael Hyatt",
              },
              Object {
                "__typename": "ContentfulFooterSection",
                "backgroundColor": "mint",
                "navigation": Object {
                  "__typename": "ContentfulNavigation",
                  "pages": Array [],
                  "title": "Footer navigatie",
                },
                "title": "Standaard footer",
              },
            ],
            "title": "Contact",
          },
          Object {
            "__typename": "ContentfulPage",
            "heading": "Tentoonstellingen",
            "path": "/tentoonstellingen",
            "sections": Array [],
            "title": "Tentoonstellingen",
          },
        ],
        "title": "Opener navigatie",
      },
      "title": "Homepagina opener",
      "variation": "home pagina",
    },
    Object {
      "__typename": "ContentfulTextSection",
      "text": Object {
        "json": Object {
          "content": Array [
            Object {
              "content": Array [
                Object {
                  "data": Object {},
                  "marks": Array [],
                  "nodeType": "text",
                  "value": "Merkenarchitectuur",
                },
              ],
              "data": Object {},
              "nodeType": "heading-1",
            },
            Object {
              "content": Array [
                Object {
                  "data": Object {},
                  "marks": Array [],
                  "nodeType": "text",
                  "value": "De verschillende merken van een onderneming vormen wat de merkarchitectuur
(Engels: 'brand architecture') wordt genoemd. Soms hebben die merken ook wat
betreft de naam een duidelijke relatie. McDonald's gebruikt bijvoorbeeld voor
verschillende producten het voorvoegsel 'Mc-' (McFlurry, McKroket), evenals
Nestlé (Nescafé, Nesquik, Nespresso).",
                },
              ],
              "data": Object {},
              "nodeType": "paragraph",
            },
          ],
          "data": Object {},
          "nodeType": "document",
        },
      },
      "title": "Tekst merkarchitectuur",
    },
    Object {
      "__typename": "ContentfulQuoteSection",
      "abstract": Object {
        "abstract": "Marketing gaat eigenlijk gewoon over het delen van je passie.",
      },
      "heading": "Michael Hyatt",
      "image": Object {
        "description": "Demo asset with fixed id",
        "fluid": Object {
          "sizes": "(max-width: 1024px) 100vw, 1024px",
          "src": "//images.ctfassets.net/jeb9ft1t2asv/demoAsset/95162fee3f8da29ed8c15182e62f2c98/wheelroom?w=1024&q=50",
          "srcSet": "//images.ctfassets.net/jeb9ft1t2asv/demoAsset/95162fee3f8da29ed8c15182e62f2c98/wheelroom?w=256&h=256&q=50 256w,
//images.ctfassets.net/jeb9ft1t2asv/demoAsset/95162fee3f8da29ed8c15182e62f2c98/wheelroom?w=512&h=512&q=50 512w,
//images.ctfassets.net/jeb9ft1t2asv/demoAsset/95162fee3f8da29ed8c15182e62f2c98/wheelroom?w=1024&h=1023&q=50 1024w,
//images.ctfassets.net/jeb9ft1t2asv/demoAsset/95162fee3f8da29ed8c15182e62f2c98/wheelroom?w=1026&h=1025&q=50 1026w",
        },
        "title": "wheelroom",
      },
      "subHeading": "Virtual business mentor",
      "title": "Quote Michael Hyatt",
    },
    Object {
      "__typename": "ContentfulListSection",
      "heading": "Kijk ook eens hier",
      "items": Array [
        Object {
          "__typename": "ContentfulListItem",
          "abstract": Object {
            "abstract": "Onze producten zijn fantastisch. Deze tekst overschijft de pagina samenvatting.",
          },
          "heading": "Geniale producten",
          "link": Object {
            "__typename": "ContentfulPage",
            "abstract": Object {
              "abstract": "Een product kan worden vergezeld van productinformatie. Voor veel productcategorieën is het beschrijven van het product wettelijk vastgelegd. Zo moeten voedselproducten voorzien zijn van een etiket met de ingrediënten, de inhoud en de houdbaarheidsdatum.",
            },
            "heading": "Een product in economische zin is een tastbare zaak met een bepaalde waarde.",
            "image": Object {
              "description": "Demo asset with fixed id",
              "fluid": Object {
                "sizes": "(max-width: 1024px) 100vw, 1024px",
                "src": "//images.ctfassets.net/jeb9ft1t2asv/demoAsset/95162fee3f8da29ed8c15182e62f2c98/wheelroom?w=1024&q=50",
                "srcSet": "//images.ctfassets.net/jeb9ft1t2asv/demoAsset/95162fee3f8da29ed8c15182e62f2c98/wheelroom?w=256&h=256&q=50 256w,
//images.ctfassets.net/jeb9ft1t2asv/demoAsset/95162fee3f8da29ed8c15182e62f2c98/wheelroom?w=512&h=512&q=50 512w,
//images.ctfassets.net/jeb9ft1t2asv/demoAsset/95162fee3f8da29ed8c15182e62f2c98/wheelroom?w=1024&h=1023&q=50 1024w,
//images.ctfassets.net/jeb9ft1t2asv/demoAsset/95162fee3f8da29ed8c15182e62f2c98/wheelroom?w=1026&h=1025&q=50 1026w",
              },
              "title": "wheelroom",
            },
            "navigationHeading": "product",
            "path": "/producten",
            "sections": Array [
              Object {
                "__typename": "ContentfulFooterSection",
                "backgroundColor": "mint",
                "navigation": Object {
                  "__typename": "ContentfulNavigation",
                  "pages": Array [],
                  "title": "Footer navigatie",
                },
                "title": "Standaard footer",
              },
            ],
            "title": "Producten",
          },
          "title": "Tegel productpagina",
          "view": "volledige afbeelding",
        },
        Object {
          "__typename": "ContentfulListItem",
          "abstract": Object {
            "abstract": "Wie zijn wij? Deze tekst overschijft de pagina samenvatting.",
          },
          "heading": "Voorgrond en achterhoofd",
          "link": Object {
            "__typename": "ContentfulPage",
            "abstract": Object {
              "abstract": "In de journalistiek wordt de term achtergrond gebruikt voor de feitelijke en betekenisgevende context waarin het dagelijkse nieuws zich afspeelt.",
            },
            "heading": "Op dit moment is er maar één gemeente in Nederland zonder achtergrond.",
            "image": Object {
              "description": "Demo asset with fixed id",
              "fluid": Object {
                "sizes": "(max-width: 1024px) 100vw, 1024px",
                "src": "//images.ctfassets.net/jeb9ft1t2asv/demoAsset/95162fee3f8da29ed8c15182e62f2c98/wheelroom?w=1024&q=50",
                "srcSet": "//images.ctfassets.net/jeb9ft1t2asv/demoAsset/95162fee3f8da29ed8c15182e62f2c98/wheelroom?w=256&h=256&q=50 256w,
//images.ctfassets.net/jeb9ft1t2asv/demoAsset/95162fee3f8da29ed8c15182e62f2c98/wheelroom?w=512&h=512&q=50 512w,
//images.ctfassets.net/jeb9ft1t2asv/demoAsset/95162fee3f8da29ed8c15182e62f2c98/wheelroom?w=1024&h=1023&q=50 1024w,
//images.ctfassets.net/jeb9ft1t2asv/demoAsset/95162fee3f8da29ed8c15182e62f2c98/wheelroom?w=1026&h=1025&q=50 1026w",
              },
              "title": "wheelroom",
            },
            "navigationHeading": "achtergrond",
            "path": "/achtergrond",
            "sections": Array [
              Object {
                "__typename": "ContentfulFooterSection",
                "backgroundColor": "mint",
                "navigation": Object {
                  "__typename": "ContentfulNavigation",
                  "pages": Array [],
                  "title": "Footer navigatie",
                },
                "title": "Standaard footer",
              },
            ],
            "title": "Achtergrond",
          },
          "title": "Tegel achtergrondpagina",
          "view": "onderkant groen",
        },
        Object {
          "__typename": "ContentfulListItem",
          "abstract": Object {
            "abstract": "Omarm de nostalgie. Stuur een fax! Deze tekst overschijft de pagina samenvatting.",
          },
          "link": Object {
            "__typename": "ContentfulPage",
            "abstract": Object {
              "abstract": "Communicatie is een activiteit waarbij levende wezens betekenissen uitwisselen door op elkaars signalen te reageren. ",
            },
            "heading": "Contact",
            "image": Object {
              "description": "Demo asset with fixed id",
              "fluid": Object {
                "sizes": "(max-width: 1024px) 100vw, 1024px",
                "src": "//images.ctfassets.net/jeb9ft1t2asv/demoAsset/95162fee3f8da29ed8c15182e62f2c98/wheelroom?w=1024&q=50",
                "srcSet": "//images.ctfassets.net/jeb9ft1t2asv/demoAsset/95162fee3f8da29ed8c15182e62f2c98/wheelroom?w=256&h=256&q=50 256w,
//images.ctfassets.net/jeb9ft1t2asv/demoAsset/95162fee3f8da29ed8c15182e62f2c98/wheelroom?w=512&h=512&q=50 512w,
//images.ctfassets.net/jeb9ft1t2asv/demoAsset/95162fee3f8da29ed8c15182e62f2c98/wheelroom?w=1024&h=1023&q=50 1024w,
//images.ctfassets.net/jeb9ft1t2asv/demoAsset/95162fee3f8da29ed8c15182e62f2c98/wheelroom?w=1026&h=1025&q=50 1026w",
              },
              "title": "wheelroom",
            },
            "navigationHeading": "contact",
            "path": "/contact",
            "sections": Array [
              Object {
                "__typename": "ContentfulQuoteSection",
                "abstract": Object {
                  "abstract": "Marketing gaat eigenlijk gewoon over het delen van je passie.",
                },
                "heading": "Michael Hyatt",
                "image": Object {
                  "description": "Demo asset with fixed id",
                  "fluid": Object {
                    "sizes": "(max-width: 1024px) 100vw, 1024px",
                    "src": "//images.ctfassets.net/jeb9ft1t2asv/demoAsset/95162fee3f8da29ed8c15182e62f2c98/wheelroom?w=1024&q=50",
                    "srcSet": "//images.ctfassets.net/jeb9ft1t2asv/demoAsset/95162fee3f8da29ed8c15182e62f2c98/wheelroom?w=256&h=256&q=50 256w,
//images.ctfassets.net/jeb9ft1t2asv/demoAsset/95162fee3f8da29ed8c15182e62f2c98/wheelroom?w=512&h=512&q=50 512w,
//images.ctfassets.net/jeb9ft1t2asv/demoAsset/95162fee3f8da29ed8c15182e62f2c98/wheelroom?w=1024&h=1023&q=50 1024w,
//images.ctfassets.net/jeb9ft1t2asv/demoAsset/95162fee3f8da29ed8c15182e62f2c98/wheelroom?w=1026&h=1025&q=50 1026w",
                  },
                  "title": "wheelroom",
                },
                "subHeading": "Virtual business mentor",
                "title": "Quote Michael Hyatt",
              },
              Object {
                "__typename": "ContentfulFooterSection",
                "backgroundColor": "mint",
                "navigation": Object {
                  "__typename": "ContentfulNavigation",
                  "pages": Array [],
                  "title": "Footer navigatie",
                },
                "title": "Standaard footer",
              },
            ],
            "title": "Contact",
          },
          "title": "Tegel contactpagina",
          "view": "onderkant mint",
        },
      ],
      "title": "Referenties groot",
      "variation": "grote tegels",
    },
    Object {
      "__typename": "ContentfulFooterSection",
      "backgroundColor": "mint",
      "navigation": Object {
        "__typename": "ContentfulNavigation",
        "pages": Array [
          Object {
            "__typename": "ContentfulPage",
            "abstract": Object {
              "abstract": "Een product kan worden vergezeld van productinformatie. Voor veel productcategorieën is het beschrijven van het product wettelijk vastgelegd. Zo moeten voedselproducten voorzien zijn van een etiket met de ingrediënten, de inhoud en de houdbaarheidsdatum.",
            },
            "heading": "Een product in economische zin is een tastbare zaak met een bepaalde waarde.",
            "image": Object {
              "description": "Demo asset with fixed id",
              "fluid": Object {
                "sizes": "(max-width: 1024px) 100vw, 1024px",
                "src": "//images.ctfassets.net/jeb9ft1t2asv/demoAsset/95162fee3f8da29ed8c15182e62f2c98/wheelroom?w=1024&q=50",
                "srcSet": "//images.ctfassets.net/jeb9ft1t2asv/demoAsset/95162fee3f8da29ed8c15182e62f2c98/wheelroom?w=256&h=256&q=50 256w,
//images.ctfassets.net/jeb9ft1t2asv/demoAsset/95162fee3f8da29ed8c15182e62f2c98/wheelroom?w=512&h=512&q=50 512w,
//images.ctfassets.net/jeb9ft1t2asv/demoAsset/95162fee3f8da29ed8c15182e62f2c98/wheelroom?w=1024&h=1023&q=50 1024w,
//images.ctfassets.net/jeb9ft1t2asv/demoAsset/95162fee3f8da29ed8c15182e62f2c98/wheelroom?w=1026&h=1025&q=50 1026w",
              },
              "title": "wheelroom",
            },
            "navigationHeading": "product",
            "path": "/producten",
            "sections": Array [],
            "title": "Producten",
          },
          Object {
            "__typename": "ContentfulPage",
            "abstract": Object {
              "abstract": "In de journalistiek wordt de term achtergrond gebruikt voor de feitelijke en betekenisgevende context waarin het dagelijkse nieuws zich afspeelt.",
            },
            "heading": "Op dit moment is er maar één gemeente in Nederland zonder achtergrond.",
            "image": Object {
              "description": "Demo asset with fixed id",
              "fluid": Object {
                "sizes": "(max-width: 1024px) 100vw, 1024px",
                "src": "//images.ctfassets.net/jeb9ft1t2asv/demoAsset/95162fee3f8da29ed8c15182e62f2c98/wheelroom?w=1024&q=50",
                "srcSet": "//images.ctfassets.net/jeb9ft1t2asv/demoAsset/95162fee3f8da29ed8c15182e62f2c98/wheelroom?w=256&h=256&q=50 256w,
//images.ctfassets.net/jeb9ft1t2asv/demoAsset/95162fee3f8da29ed8c15182e62f2c98/wheelroom?w=512&h=512&q=50 512w,
//images.ctfassets.net/jeb9ft1t2asv/demoAsset/95162fee3f8da29ed8c15182e62f2c98/wheelroom?w=1024&h=1023&q=50 1024w,
//images.ctfassets.net/jeb9ft1t2asv/demoAsset/95162fee3f8da29ed8c15182e62f2c98/wheelroom?w=1026&h=1025&q=50 1026w",
              },
              "title": "wheelroom",
            },
            "navigationHeading": "achtergrond",
            "path": "/achtergrond",
            "sections": Array [],
            "title": "Achtergrond",
          },
          Object {
            "__typename": "ContentfulPage",
            "abstract": Object {
              "abstract": "Communicatie is een activiteit waarbij levende wezens betekenissen uitwisselen door op elkaars signalen te reageren. ",
            },
            "heading": "Contact",
            "image": Object {
              "description": "Demo asset with fixed id",
              "fluid": Object {
                "sizes": "(max-width: 1024px) 100vw, 1024px",
                "src": "//images.ctfassets.net/jeb9ft1t2asv/demoAsset/95162fee3f8da29ed8c15182e62f2c98/wheelroom?w=1024&q=50",
                "srcSet": "//images.ctfassets.net/jeb9ft1t2asv/demoAsset/95162fee3f8da29ed8c15182e62f2c98/wheelroom?w=256&h=256&q=50 256w,
//images.ctfassets.net/jeb9ft1t2asv/demoAsset/95162fee3f8da29ed8c15182e62f2c98/wheelroom?w=512&h=512&q=50 512w,
//images.ctfassets.net/jeb9ft1t2asv/demoAsset/95162fee3f8da29ed8c15182e62f2c98/wheelroom?w=1024&h=1023&q=50 1024w,
//images.ctfassets.net/jeb9ft1t2asv/demoAsset/95162fee3f8da29ed8c15182e62f2c98/wheelroom?w=1026&h=1025&q=50 1026w",
              },
              "title": "wheelroom",
            },
            "navigationHeading": "contact",
            "path": "/contact",
            "sections": Array [
              Object {
                "__typename": "ContentfulQuoteSection",
                "abstract": Object {
                  "abstract": "Marketing gaat eigenlijk gewoon over het delen van je passie.",
                },
                "heading": "Michael Hyatt",
                "image": Object {
                  "description": "Demo asset with fixed id",
                  "fluid": Object {
                    "sizes": "(max-width: 1024px) 100vw, 1024px",
                    "src": "//images.ctfassets.net/jeb9ft1t2asv/demoAsset/95162fee3f8da29ed8c15182e62f2c98/wheelroom?w=1024&q=50",
                    "srcSet": "//images.ctfassets.net/jeb9ft1t2asv/demoAsset/95162fee3f8da29ed8c15182e62f2c98/wheelroom?w=256&h=256&q=50 256w,
//images.ctfassets.net/jeb9ft1t2asv/demoAsset/95162fee3f8da29ed8c15182e62f2c98/wheelroom?w=512&h=512&q=50 512w,
//images.ctfassets.net/jeb9ft1t2asv/demoAsset/95162fee3f8da29ed8c15182e62f2c98/wheelroom?w=1024&h=1023&q=50 1024w,
//images.ctfassets.net/jeb9ft1t2asv/demoAsset/95162fee3f8da29ed8c15182e62f2c98/wheelroom?w=1026&h=1025&q=50 1026w",
                  },
                  "title": "wheelroom",
                },
                "subHeading": "Virtual business mentor",
                "title": "Quote Michael Hyatt",
              },
            ],
            "title": "Contact",
          },
        ],
        "title": "Footer navigatie",
      },
      "title": "Standaard footer",
    },
  ],
  "title": "Home",
}
`;
